HOME  .
QUERY 5x7b_proa.orig_init
TEMPL 5x7b_proa.orig_build.pdb
RESIDUE     1 A  M     1  _    -     -  -
RESIDUE     2 A  T     2  _    -     -  -
RESIDUE     3 A  S     3  _     3    1  S
RESIDUE     4 A  R     4  _     4    2  R
RESIDUE     5 A  R     5  _     5    3  R
RESIDUE     6 A  W     6  _     6    4  W
RESIDUE     7 A  F     7  _     7    5  F
RESIDUE     8 A  H     8  _     8    6  H
RESIDUE     9 A  P     9  _     9    7  P
RESIDUE    10 A  N    10  _    10    8  N
RESIDUE    11 A  I    11  _    11    9  I
RESIDUE    12 A  T    12  _    12   10  T
RESIDUE    13 A  G    13  _    13   11  G
RESIDUE    14 A  V    14  _    14   12  V
RESIDUE    15 A  E    15  _    15   13  E
RESIDUE    16 A  A    16  _    16   14  A
RESIDUE    17 A  E    17  _    17   15  E
RESIDUE    18 A  N    18  _    18   16  N
RESIDUE    19 A  L    19  _    19   17  L
RESIDUE    20 A  L    20  _    20   18  L
RESIDUE    21 A  L    21  _    21   19  L
RESIDUE    22 A  T    22  _    22   20  T
RESIDUE    23 A  R    23  _    23   21  R
RESIDUE    24 A  G    24  _    24   22  G
RESIDUE    25 A  V    25  _    25   23  V
RESIDUE    26 A  D    26  _    26   24  D
RESIDUE    27 A  G    27  _    27   25  G
RESIDUE    28 A  S    28  _    28   26  S
RESIDUE    29 A  F    29  _    29   27  F
RESIDUE    30 A  L    30  _    30   28  L
RESIDUE    31 A  A    31  _    31   29  A
RESIDUE    32 A  R    32  _    32   30  R
RESIDUE    33 A  P    33  _    33   31  P
RESIDUE    34 A  S    34  _    34   32  S
RESIDUE    35 A  K    35  _    35   33  K
RESIDUE    36 A  S    36  _    36   34  S
RESIDUE    37 A  N    37  _    37   35  N
RESIDUE    38 A  P    38  _    38   36  P
RESIDUE    39 A  G    39  _    39   37  G
RESIDUE    40 A  D    40  _    40   38  D
RESIDUE    41 A  F    41  _    41   39  F
RESIDUE    42 A  T    42  _    42   40  T
RESIDUE    43 A  L    43  _    43   41  L
RESIDUE    44 A  S    44  _    44   42  S
RESIDUE    45 A  V    45  _    45   43  V
RESIDUE    46 A  R    46  _    46   44  R
RESIDUE    47 A  R    47  _    47   45  R
RESIDUE    48 A  N    48  _    48   46  N
RESIDUE    49 A  G    49  _    49   47  G
RESIDUE    50 A  A    50  _    50   48  A
RESIDUE    51 A  V    51  _    51   49  V
RESIDUE    52 A  T    52  _    52   50  T
RESIDUE    53 A  H    53  _    53   51  H
RESIDUE    54 A  I    54  _    54   52  I
RESIDUE    55 A  K    55  _    55   53  K
RESIDUE    56 A  I    56  _    56   54  I
RESIDUE    57 A  Q    57  _    57   55  Q
RESIDUE    58 A  N    58  _    58   56  N
RESIDUE    59 A  T    59  _    59   57  T
RESIDUE    60 A  G    60  _    60   58  G
RESIDUE    61 A  D    61  _    61   59  D
RESIDUE    62 A  Y    62  _    62   60  Y
RESIDUE    63 A  Y    63  _    63   61  Y
RESIDUE    64 A  D    64  _    64   62  D
RESIDUE    65 A  L    65  _    65   63  L
RESIDUE    66 A  Y    66  _    66   64  Y
RESIDUE    67 A  G    67  _    67   65  G
RESIDUE    68 A  G    68  _    68   66  G
RESIDUE    69 A  E    69  _    69   67  E
RESIDUE    70 A  K    70  _    70   68  K
RESIDUE    71 A  F    71  _    71   69  F
RESIDUE    72 A  A    72  _    72   70  A
RESIDUE    73 A  T    73  _    73   71  T
RESIDUE    74 A  L    74  _    74   72  L
RESIDUE    75 A  A    75  _    75   73  A
RESIDUE    76 A  E    76  _    76   74  E
RESIDUE    77 A  L    77  _    77   75  L
RESIDUE    78 A  V    78  _    78   76  V
RESIDUE    79 A  Q    79  _    79   77  Q
RESIDUE    80 A  Y    80  _    80   78  Y
RESIDUE    81 A  Y    81  _    81   79  Y
RESIDUE    82 A  M    82  _    82   80  M
RESIDUE    83 A  E    83  _    83   81  E
RESIDUE    84 A  H    84  _    84   82  H
RESIDUE    85 A  H    85  _    85   83  H
RESIDUE    86 A  G    86  _    86   84  G
RESIDUE    87 A  Q    87  _    87   85  Q
RESIDUE    88 A  L    88  _    88   86  L
RESIDUE    89 A  K    89  _    89   87  K
RESIDUE    90 A  E    90  _    90   88  E
RESIDUE    91 A  K    91  _    91   89  K
RESIDUE    92 A  N    92  _    92   90  N
RESIDUE    93 A  G    93  _    93   91  G
RESIDUE    94 A  D    94  _    94   92  D
RESIDUE    95 A  V    95  _    95   93  V
RESIDUE    96 A  I    96  _    96   94  I
RESIDUE    97 A  E    97  _    97   95  E
RESIDUE    98 A  L    98  _    98   96  L
RESIDUE    99 A  K    99  _    99   97  K
RESIDUE   100 A  Y   100  _   100   98  Y
RESIDUE   101 A  P   101  _   101   99  P
RESIDUE   102 A  L   102  _   102  100  L
RESIDUE   103 A  N   103  _   103  101  N
RESIDUE   104 A  C   104  _   104  102  C
RESIDUE   105 A  A   105  _   105  103  A
RESIDUE   106 A  D   106  _   106  104  D
RESIDUE   107 A  P   107  _   107  105  P
RESIDUE   108 A  T   108  _   108  106  T
RESIDUE   109 A  S   109  _   109  107  S
RESIDUE   110 A  E   110  _   110  108  E
RESIDUE   111 A  R   111  _   111  109  R
RESIDUE   112 A  W   112  _   112  110  W
RESIDUE   113 A  F   113  _   113  111  F
RESIDUE   114 A  H   114  _   114  112  H
RESIDUE   115 A  G   115  _   115  113  G
RESIDUE   116 A  H   116  _   116  114  H
RESIDUE   117 A  L   117  _   117  115  L
RESIDUE   118 A  S   118  _   118  116  S
RESIDUE   119 A  G   119  _   119  117  G
RESIDUE   120 A  K   120  _   120  118  K
RESIDUE   121 A  E   121  _   121  119  E
RESIDUE   122 A  A   122  _   122  120  A
RESIDUE   123 A  E   123  _   123  121  E
RESIDUE   124 A  K   124  _   124  122  K
RESIDUE   125 A  L   125  _   125  123  L
RESIDUE   126 A  L   126  _   126  124  L
RESIDUE   127 A  T   127  _   127  125  T
RESIDUE   128 A  E   128  _   128  126  E
RESIDUE   129 A  K   129  _   129  127  K
RESIDUE   130 A  G   130  _   130  128  G
RESIDUE   131 A  K   131  _   131  129  K
RESIDUE   132 A  H   132  _   132  130  H
RESIDUE   133 A  G   133  _   133  131  G
RESIDUE   134 A  S   134  _   134  132  S
RESIDUE   135 A  F   135  _   135  133  F
RESIDUE   136 A  L   136  _   136  134  L
RESIDUE   137 A  V   137  _   137  135  V
RESIDUE   138 A  R   138  _   138  136  R
RESIDUE   139 A  E   139  _   139  137  E
RESIDUE   140 A  S   140  _   140  138  S
RESIDUE   141 A  Q   141  _   141  139  Q
RESIDUE   142 A  S   142  _   142  140  S
RESIDUE   143 A  H   143  _   143  141  H
RESIDUE   144 A  P   144  _   144  142  P
RESIDUE   145 A  G   145  _   145  143  G
RESIDUE   146 A  D   146  _   146  144  D
RESIDUE   147 A  F   147  _   147  145  F
RESIDUE   148 A  V   148  _   148  146  V
RESIDUE   149 A  L   149  _   149  147  L
RESIDUE   150 A  S   150  _   150  148  S
RESIDUE   151 A  V   151  _   151  149  V
RESIDUE   152 A  R   152  _   152  150  R
RESIDUE   153 A  T   153  _   153  151  T
RESIDUE   154 A  G   154  _    -     -  -
RESIDUE   155 A  D   155  _    -     -  -
RESIDUE   156 A  D   156  _    -     -  -
RESIDUE   157 A  K   157  _    -     -  -
RESIDUE   158 A  G   158  _    -     -  -
RESIDUE   159 A  E   159  _    -     -  -
RESIDUE   160 A  S   160  _    -     -  -
RESIDUE   161 A  N   161  _    -     -  -
RESIDUE   162 A  D   162  _    -     -  -
RESIDUE   163 A  G   163  _    -     -  -
RESIDUE   164 A  K   164  _    -     -  -
RESIDUE   165 A  S   165  _    -     -  -
RESIDUE   166 A  K   166  _   166  153  K
RESIDUE   167 A  V   167  _   167  154  V
RESIDUE   168 A  T   168  _   168  155  T
RESIDUE   169 A  H   169  _   169  156  H
RESIDUE   170 A  V   170  _   170  157  V
RESIDUE   171 A  M   171  _   171  158  M
RESIDUE   172 A  I   172  _   172  159  I
RESIDUE   173 A  R   173  _   173  160  R
RESIDUE   174 A  C   174  _   174  161  C
RESIDUE   175 A  Q   175  _   175  162  Q
RESIDUE   176 A  E   176  _   176  163  E
RESIDUE   177 A  L   177  _   177  164  L
RESIDUE   178 A  K   178  _   178  165  K
RESIDUE   179 A  Y   179  _   179  166  Y
RESIDUE   180 A  D   180  _   180  167  D
RESIDUE   181 A  V   181  _   181  168  V
RESIDUE   182 A  G   182  _   182  169  G
RESIDUE   183 A  G   183  _   183  170  G
RESIDUE   184 A  G   184  _   184  171  G
RESIDUE   185 A  E   185  _   185  172  E
RESIDUE   186 A  R   186  _   186  173  R
RESIDUE   187 A  F   187  _   187  174  F
RESIDUE   188 A  D   188  _   188  175  D
RESIDUE   189 A  S   189  _   189  176  S
RESIDUE   190 A  L   190  _   190  177  L
RESIDUE   191 A  T   191  _   191  178  T
RESIDUE   192 A  D   192  _   192  179  D
RESIDUE   193 A  L   193  _   193  180  L
RESIDUE   194 A  V   194  _   194  181  V
RESIDUE   195 A  E   195  _   195  182  E
RESIDUE   196 A  H   196  _   196  183  H
RESIDUE   197 A  Y   197  _   197  184  Y
RESIDUE   198 A  K   198  _   198  185  K
RESIDUE   199 A  K   199  _   199  186  K
RESIDUE   200 A  N   200  _   200  187  N
RESIDUE   201 A  P   201  _   201  188  P
RESIDUE   202 A  M   202  _   202  189  M
RESIDUE   203 A  V   203  _   203  190  V
RESIDUE   204 A  E   204  _   204  191  E
RESIDUE   205 A  T   205  _   205  192  T
RESIDUE   206 A  L   206  _   206  193  L
RESIDUE   207 A  G   207  _   207  194  G
RESIDUE   208 A  T   208  _   208  195  T
RESIDUE   209 A  V   209  _   209  196  V
RESIDUE   210 A  L   210  _   210  197  L
RESIDUE   211 A  Q   211  _   211  198  Q
RESIDUE   212 A  L   212  _   212  199  L
RESIDUE   213 A  K   213  _   213  200  K
RESIDUE   214 A  Q   214  _   214  201  Q
RESIDUE   215 A  P   215  _   215  202  P
RESIDUE   216 A  L   216  _   216  203  L
RESIDUE   217 A  N   217  _   217  204  N
RESIDUE   218 A  T   218  _   218  205  T
RESIDUE   219 A  T   219  _   219  206  T
RESIDUE   220 A  R   220  _   220  207  R
TER
END
